Flow report for CPU_main
Wed Jun 20 15:30:46 2018
Quartus Prime Version 16.0.0 Build 211 04/27/2016 SJ Standard Edition


---------------------
; Table of Contents ;
---------------------
  1. Legal Notice
  2. Flow Summary
  3. Flow Settings
  4. Flow Non-Default Global Settings
  5. Flow Elapsed Time
  6. Flow OS Summary
  7. Flow Log
  8. Flow Messages
  9. Flow Suppressed Messages



----------------
; Legal Notice ;
----------------
Copyright (C) 1991-2016 Altera Corporation. All rights reserved.
Your use of Altera Corporation's design tools, logic functions 
and other software and tools, and its AMPP partner logic 
functions, and any output files from any of the foregoing 
(including device programming or simulation files), and any 
associated documentation or information are expressly subject 
to the terms and conditions of the Altera Program License 
Subscription Agreement, the Altera Quartus Prime License Agreement,
the Altera MegaCore Function License Agreement, or other 
applicable license agreement, including, without limitation, 
that your use is for the sole purpose of programming logic 
devices manufactured by Altera and sold by Altera or its 
authorized distributors.  Please refer to the applicable 
agreement for further details.



+-----------------------------------------------------------------------------------+
; Flow Summary                                                                      ;
+---------------------------------+-------------------------------------------------+
; Flow Status                     ; Successful - Wed Jun 20 15:30:22 2018           ;
; Quartus Prime Version           ; 16.0.0 Build 211 04/27/2016 SJ Standard Edition ;
; Revision Name                   ; CPU_main                                        ;
; Top-level Entity Name           ; processor_top_shell                             ;
; Family                          ; Cyclone V                                       ;
; Device                          ; 5CSEMA5F31C6                                    ;
; Timing Models                   ; Final                                           ;
; Logic utilization (in ALMs)     ; 841 / 32,070 ( 3 % )                            ;
; Total registers                 ; 635                                             ;
; Total pins                      ; 50 / 457 ( 11 % )                               ;
; Total virtual pins              ; 0                                               ;
; Total block memory bits         ; 65,536 / 4,065,280 ( 2 % )                      ;
; Total DSP Blocks                ; 0 / 87 ( 0 % )                                  ;
; Total HSSI RX PCSs              ; 0                                               ;
; Total HSSI PMA RX Deserializers ; 0                                               ;
; Total HSSI TX PCSs              ; 0                                               ;
; Total HSSI PMA TX Serializers   ; 0                                               ;
; Total PLLs                      ; 0 / 6 ( 0 % )                                   ;
; Total DLLs                      ; 0 / 4 ( 0 % )                                   ;
+---------------------------------+-------------------------------------------------+


+-----------------------------------------+
; Flow Settings                           ;
+-------------------+---------------------+
; Option            ; Setting             ;
+-------------------+---------------------+
; Start date & time ; 06/20/2018 15:27:31 ;
; Main task         ; Compilation         ;
; Revision Name     ; CPU_main            ;
+-------------------+---------------------+


+--------------------------------------------------------------------------------------------------------------------------------+
; Flow Non-Default Global Settings                                                                                               ;
+-------------------------------------+---------------------------------------+---------------+---------------------+------------+
; Assignment Name                     ; Value                                 ; Default Value ; Entity Name         ; Section Id ;
+-------------------------------------+---------------------------------------+---------------+---------------------+------------+
; COMPILER_SIGNATURE_ID               ; 83613316221452.152950485109116        ; --            ; --                  ; --         ;
; MAX_CORE_JUNCTION_TEMP              ; 85                                    ; --            ; --                  ; --         ;
; MIN_CORE_JUNCTION_TEMP              ; 0                                     ; --            ; --                  ; --         ;
; MISC_FILE                           ; ROM_CPU_bb.v                          ; --            ; --                  ; --         ;
; MISC_FILE                           ; RAM_CPU_bb.v                          ; --            ; --                  ; --         ;
; PARTITION_COLOR                     ; 16764057                              ; --            ; processor_top_shell ; Top        ;
; PARTITION_FITTER_PRESERVATION_LEVEL ; PLACEMENT_AND_ROUTING                 ; --            ; processor_top_shell ; Top        ;
; PARTITION_NETLIST_TYPE              ; SOURCE                                ; --            ; processor_top_shell ; Top        ;
; POWER_BOARD_THERMAL_MODEL           ; None (CONSERVATIVE)                   ; --            ; --                  ; --         ;
; POWER_PRESET_COOLING_SOLUTION       ; 23 MM HEAT SINK WITH 200 LFPM AIRFLOW ; --            ; --                  ; --         ;
; PROJECT_OUTPUT_DIRECTORY            ; output_files                          ; --            ; --                  ; --         ;
; TOP_LEVEL_ENTITY                    ; processor_top_shell                   ; CPU_main      ; --                  ; --         ;
+-------------------------------------+---------------------------------------+---------------+---------------------+------------+


+-------------------------------------------------------------------------------------------------------------------------------+
; Flow Elapsed Time                                                                                                             ;
+---------------------------+--------------+-------------------------+---------------------+------------------------------------+
; Module Name               ; Elapsed Time ; Average Processors Used ; Peak Virtual Memory ; Total CPU Time (on all processors) ;
+---------------------------+--------------+-------------------------+---------------------+------------------------------------+
; Analysis & Synthesis      ; 00:00:30     ; 1.0                     ; 935 MB              ; 00:00:57                           ;
; Fitter                    ; 00:02:13     ; 1.0                     ; 2329 MB             ; 00:03:58                           ;
; Assembler                 ; 00:00:03     ; 1.0                     ; 838 MB              ; 00:00:03                           ;
; TimeQuest Timing Analyzer ; 00:00:22     ; 1.4                     ; 1269 MB             ; 00:00:29                           ;
; Total                     ; 00:03:08     ; --                      ; --                  ; 00:05:27                           ;
+---------------------------+--------------+-------------------------+---------------------+------------------------------------+


+----------------------------------------------------------------------------------------+
; Flow OS Summary                                                                        ;
+---------------------------+------------------+-----------+------------+----------------+
; Module Name               ; Machine Hostname ; OS Name   ; OS Version ; Processor type ;
+---------------------------+------------------+-----------+------------+----------------+
; Analysis & Synthesis      ; DESKTOP-R6NE29C  ; Windows 8 ; 6.2        ; x86_64         ;
; Fitter                    ; DESKTOP-R6NE29C  ; Windows 8 ; 6.2        ; x86_64         ;
; Assembler                 ; DESKTOP-R6NE29C  ; Windows 8 ; 6.2        ; x86_64         ;
; TimeQuest Timing Analyzer ; DESKTOP-R6NE29C  ; Windows 8 ; 6.2        ; x86_64         ;
+---------------------------+------------------+-----------+------------+----------------+


------------
; Flow Log ;
------------
quartus_map --read_settings_files=on --write_settings_files=off Soft-core_CPU -c CPU_main
quartus_fit --read_settings_files=off --write_settings_files=off Soft-core_CPU -c CPU_main
quartus_asm --read_settings_files=off --write_settings_files=off Soft-core_CPU -c CPU_main
quartus_sta Soft-core_CPU -c CPU_main



